// Jest Snapshot v1, https://goo.gl/fbAQLP

exports[`Dropdown Component Should match snapshot 1`] = `
{
  "asFragment": [Function],
  "baseElement": <body>
    <div>
      <button
        aria-controls="menu-list-:r1:"
        aria-expanded="false"
        aria-haspopup="menu"
        class="chakra-button chakra-menu__menu-button css-b0lbf4"
        id="menu-button-:r1:"
        type="button"
      >
        <span
          class="css-xl71ch"
        >
          NON VIE
        </span>
        <span
          class="chakra-button__icon css-1hzyiq5"
        >
          <svg
            fill="none"
            height="7"
            viewBox="0 0 12 7"
            width="12"
          >
            <path
              d="M11 1L6 6L1 1"
              stroke="black"
              stroke-linecap="round"
              stroke-linejoin="round"
              stroke-width="2"
            />
          </svg>
        </span>
      </button>
      <div
        class="css-0"
        style="visibility: hidden; position: absolute; min-width: max-content; inset: 0 auto auto 0;"
      >
        <div
          aria-orientation="vertical"
          class="chakra-menu__menu-list css-sjt5nk"
          id="menu-list-:r1:"
          role="menu"
          style="transform-origin: var(--popper-transform-origin); opacity: 0; visibility: hidden; transform: scale(0.8) translateZ(0);"
          tabindex="-1"
        >
          <button
            class="chakra-menu__menuitem css-kjnj8a"
            data-index="0"
            id="menu-list-:r1:-menuitem-:r2:"
            role="menuitem"
            tabindex="-1"
            type="button"
          >
            NON VIE
          </button>
          <button
            class="chakra-menu__menuitem css-wntb6v"
            data-index="1"
            id="menu-list-:r1:-menuitem-:r3:"
            role="menuitem"
            tabindex="-1"
            type="button"
          >
            VIE
          </button>
        </div>
      </div>
    </div>
  </body>,
  "container": <div>
    <button
      aria-controls="menu-list-:r1:"
      aria-expanded="false"
      aria-haspopup="menu"
      class="chakra-button chakra-menu__menu-button css-b0lbf4"
      id="menu-button-:r1:"
      type="button"
    >
      <span
        class="css-xl71ch"
      >
        NON VIE
      </span>
      <span
        class="chakra-button__icon css-1hzyiq5"
      >
        <svg
          fill="none"
          height="7"
          viewBox="0 0 12 7"
          width="12"
        >
          <path
            d="M11 1L6 6L1 1"
            stroke="black"
            stroke-linecap="round"
            stroke-linejoin="round"
            stroke-width="2"
          />
        </svg>
      </span>
    </button>
    <div
      class="css-0"
      style="visibility: hidden; position: absolute; min-width: max-content; inset: 0 auto auto 0;"
    >
      <div
        aria-orientation="vertical"
        class="chakra-menu__menu-list css-sjt5nk"
        id="menu-list-:r1:"
        role="menu"
        style="transform-origin: var(--popper-transform-origin); opacity: 0; visibility: hidden; transform: scale(0.8) translateZ(0);"
        tabindex="-1"
      >
        <button
          class="chakra-menu__menuitem css-kjnj8a"
          data-index="0"
          id="menu-list-:r1:-menuitem-:r2:"
          role="menuitem"
          tabindex="-1"
          type="button"
        >
          NON VIE
        </button>
        <button
          class="chakra-menu__menuitem css-wntb6v"
          data-index="1"
          id="menu-list-:r1:-menuitem-:r3:"
          role="menuitem"
          tabindex="-1"
          type="button"
        >
          VIE
        </button>
      </div>
    </div>
  </div>,
  "debug": [Function],
  "findAllByAltText": [Function],
  "findAllByDisplayValue": [Function],
  "findAllByLabelText": [Function],
  "findAllByPlaceholderText": [Function],
  "findAllByRole": [Function],
  "findAllByTestId": [Function],
  "findAllByText": [Function],
  "findAllByTitle": [Function],
  "findByAltText": [Function],
  "findByDisplayValue": [Function],
  "findByLabelText": [Function],
  "findByPlaceholderText": [Function],
  "findByRole": [Function],
  "findByTestId": [Function],
  "findByText": [Function],
  "findByTitle": [Function],
  "getAllByAltText": [Function],
  "getAllByDisplayValue": [Function],
  "getAllByLabelText": [Function],
  "getAllByPlaceholderText": [Function],
  "getAllByRole": [Function],
  "getAllByTestId": [Function],
  "getAllByText": [Function],
  "getAllByTitle": [Function],
  "getByAltText": [Function],
  "getByDisplayValue": [Function],
  "getByLabelText": [Function],
  "getByPlaceholderText": [Function],
  "getByRole": [Function],
  "getByTestId": [Function],
  "getByText": [Function],
  "getByTitle": [Function],
  "queryAllByAltText": [Function],
  "queryAllByDisplayValue": [Function],
  "queryAllByLabelText": [Function],
  "queryAllByPlaceholderText": [Function],
  "queryAllByRole": [Function],
  "queryAllByTestId": [Function],
  "queryAllByText": [Function],
  "queryAllByTitle": [Function],
  "queryByAltText": [Function],
  "queryByDisplayValue": [Function],
  "queryByLabelText": [Function],
  "queryByPlaceholderText": [Function],
  "queryByRole": [Function],
  "queryByTestId": [Function],
  "queryByText": [Function],
  "queryByTitle": [Function],
  "rerender": [Function],
  "unmount": [Function],
}
`;
