// Jest Snapshot v1, https://goo.gl/fbAQLP

exports[`Action Button Component should match Button Save component 1`] = `
<div>
  <button
    class="chakra-button css-1exh3ze"
    name="Save"
    type="button"
  >
    Save
  </button>
</div>
`;
