// Jest Snapshot v1, https://goo.gl/fbAQLP

exports[`UploadFile Component should match snapshot 1`] = `
<div>
  <div
    class="css-hmqloq"
  >
    <div
      class="css-w1wtgb"
    />
    <p
      class="chakra-text css-15xnlmf"
    >
      Attachment
    </p>
    <input
      class="chakra-input css-1hyfx7x"
    />
  </div>
</div>
`;
