// Jest Snapshot v1, https://goo.gl/fbAQLP

exports[`Avatar Component Should match snapshot 1`] = `
{
  "asFragment": [Function],
  "baseElement": <body>
    <div>
      <div
        class="css-r2hvuq"
      >
        <div
          class="css-1x4sxyt"
        >
          <img
            class="chakra-image css-0"
            src="test-file-stub"
          />
        </div>
        <div
          class="css-j7qwjs"
        >
          <p
            class="chakra-text css-1j7zc5v"
          >
            John
             
            Doe
          </p>
          <p
            class="chakra-text css-z171l4"
          >
            HbJjv@example.com
          </p>
        </div>
      </div>
    </div>
  </body>,
  "container": <div>
    <div
      class="css-r2hvuq"
    >
      <div
        class="css-1x4sxyt"
      >
        <img
          class="chakra-image css-0"
          src="test-file-stub"
        />
      </div>
      <div
        class="css-j7qwjs"
      >
        <p
          class="chakra-text css-1j7zc5v"
        >
          John
           
          Doe
        </p>
        <p
          class="chakra-text css-z171l4"
        >
          HbJjv@example.com
        </p>
      </div>
    </div>
  </div>,
  "debug": [Function],
  "findAllByAltText": [Function],
  "findAllByDisplayValue": [Function],
  "findAllByLabelText": [Function],
  "findAllByPlaceholderText": [Function],
  "findAllByRole": [Function],
  "findAllByTestId": [Function],
  "findAllByText": [Function],
  "findAllByTitle": [Function],
  "findByAltText": [Function],
  "findByDisplayValue": [Function],
  "findByLabelText": [Function],
  "findByPlaceholderText": [Function],
  "findByRole": [Function],
  "findByTestId": [Function],
  "findByText": [Function],
  "findByTitle": [Function],
  "getAllByAltText": [Function],
  "getAllByDisplayValue": [Function],
  "getAllByLabelText": [Function],
  "getAllByPlaceholderText": [Function],
  "getAllByRole": [Function],
  "getAllByTestId": [Function],
  "getAllByText": [Function],
  "getAllByTitle": [Function],
  "getByAltText": [Function],
  "getByDisplayValue": [Function],
  "getByLabelText": [Function],
  "getByPlaceholderText": [Function],
  "getByRole": [Function],
  "getByTestId": [Function],
  "getByText": [Function],
  "getByTitle": [Function],
  "queryAllByAltText": [Function],
  "queryAllByDisplayValue": [Function],
  "queryAllByLabelText": [Function],
  "queryAllByPlaceholderText": [Function],
  "queryAllByRole": [Function],
  "queryAllByTestId": [Function],
  "queryAllByText": [Function],
  "queryAllByTitle": [Function],
  "queryByAltText": [Function],
  "queryByDisplayValue": [Function],
  "queryByLabelText": [Function],
  "queryByPlaceholderText": [Function],
  "queryByRole": [Function],
  "queryByTestId": [Function],
  "queryByText": [Function],
  "queryByTitle": [Function],
  "rerender": [Function],
  "unmount": [Function],
}
`;
