// Jest Snapshot v1, https://goo.gl/fbAQLP

exports[`HeaderList Component should match snapshot 1`] = `
<div>
  <div
    class="chakra-stack css-iti2te"
  >
    <div
      class="css-ayngmp"
    >
      <p
        class="chakra-text css-1kfhky2"
      >
        to do
      </p>
      <div
        class="css-1eqtwf1"
      >
        2
      </div>
    </div>
    <div
      class="css-k008qs"
    >
      <button
        class="chakra-button css-4xx2wk"
        type="button"
      >
        <svg
          fill="none"
          height="5"
          viewBox="0 0 16 5"
          width="16"
        >
          <path
            clip-rule="evenodd"
            d="M2.39999 0.633331C1.37333 0.633331 0.533325 1.47333 0.533325 2.5C0.533325 3.52666 1.37333 4.36666 2.39999 4.36666C3.42666 4.36666 4.26666 3.52666 4.26666 2.5C4.26666 1.47333 3.42666 0.633331 2.39999 0.633331ZM13.6 0.633331C12.5733 0.633331 11.7333 1.47333 11.7333 2.5C11.7333 3.52666 12.5733 4.36666 13.6 4.36666C14.6267 4.36666 15.4667 3.52666 15.4667 2.5C15.4667 1.47333 14.6267 0.633331 13.6 0.633331ZM7.99999 0.633331C6.97333 0.633331 6.13333 1.47333 6.13333 2.5C6.13333 3.52666 6.97333 4.36666 7.99999 4.36666C9.02666 4.36666 9.86666 3.52666 9.86666 2.5C9.86666 1.47333 9.02666 0.633331 7.99999 0.633331Z"
            fill="#C3CAD9"
            fill-rule="evenodd"
          />
        </svg>
      </button>
      <button
        class="chakra-button css-4xx2wk"
        type="button"
      >
        <svg
          fill="none"
          height="31"
          viewBox="0 0 30 31"
          width="30"
        >
          <path
            clip-rule="evenodd"
            d="M21 16.5H16V21.5C16 22.05 15.55 22.5 15 22.5C14.45 22.5 14 22.05 14 21.5V16.5H9C8.45 16.5 8 16.05 8 15.5C8 14.95 8.45 14.5 9 14.5H14V9.5C14 8.95 14.45 8.5 15 8.5C15.55 8.5 16 8.95 16 9.5V14.5H21C21.55 14.5 22 14.95 22 15.5C22 16.05 21.55 16.5 21 16.5Z"
            fill="#C3CAD9"
            fill-rule="evenodd"
          />
        </svg>
      </button>
    </div>
  </div>
</div>
`;
