// Jest Snapshot v1, https://goo.gl/fbAQLP

exports[`InputField component renders correctly with default props 1`] = `
<div>
  <div
    class="chakra-form-control css-17qx7uq"
    role="group"
  >
    <label
      class="chakra-form__label css-zecyy3"
      for="field-:r0:"
      id="field-:r0:-label"
    >
      Search
    </label>
    <div
      class="chakra-input__group css-bx0blc"
      data-group="true"
    >
      <input
        class="chakra-input css-1m48l39"
        id="field-:r0:"
        name="search"
        placeholder="Search Tasks"
        type="text"
      />
    </div>
  </div>
</div>
`;

exports[`InputField component renders correctly with error message 1`] = `
<div>
  <div
    class="chakra-form-control css-17qx7uq"
    data-invalid=""
    role="group"
  >
    <label
      class="chakra-form__label css-zecyy3"
      data-invalid=""
      for="field-:r4:"
      id="field-:r4:-label"
    >
      Search
    </label>
    <div
      class="chakra-input__group css-bx0blc"
      data-group="true"
    >
      <input
        aria-describedby="field-:r4:-feedback"
        aria-invalid="true"
        class="chakra-input css-1m48l39"
        id="field-:r4:"
        name="search"
        placeholder="Search Tasks"
        type="text"
      />
    </div>
    <div
      aria-live="polite"
      class="chakra-form__error-message css-1qc3jta"
      id="field-:r4:-feedback"
    >
      Field is required
    </div>
  </div>
</div>
`;

exports[`InputField component renders correctly with left icon and right icon 1`] = `
<div>
  <div
    class="chakra-form-control css-17qx7uq"
    role="group"
  >
    <label
      class="chakra-form__label css-zecyy3"
      for="field-:r2:"
      id="field-:r2:-label"
    >
      Search
    </label>
    <div
      class="chakra-input__group css-bx0blc"
      data-group="true"
    >
      <div
        class="chakra-input__left-element css-1yuzhmq"
      >
        <svg
          fill="none"
          height="31"
          viewBox="0 0 30 31"
          width="30"
        >
          <path
            clip-rule="evenodd"
            d="M18.5006 17.5006H17.7106L17.4306 17.2306C18.6306 15.8306 19.2506 13.9206 18.9106 11.8906C18.4406 9.11063 16.1206 6.89063 13.3206 6.55063C9.09063 6.03063 5.53063 9.59063 6.05063 13.8206C6.39063 16.6206 8.61063 18.9406 11.3906 19.4106C13.4206 19.7506 15.3306 19.1306 16.7306 17.9306L17.0006 18.2106V19.0006L21.2506 23.2506C21.6606 23.6606 22.3306 23.6606 22.7406 23.2506C23.1506 22.8406 23.1506 22.1706 22.7406 21.7606L18.5006 17.5006ZM12.5006 17.5006C10.0106 17.5006 8.00063 15.4906 8.00063 13.0006C8.00063 10.5106 10.0106 8.50063 12.5006 8.50063C14.9906 8.50063 17.0006 10.5106 17.0006 13.0006C17.0006 15.4906 14.9906 17.5006 12.5006 17.5006Z"
            fill="#C3CAD9"
            fill-rule="evenodd"
          />
        </svg>
      </div>
      <input
        class="chakra-input css-1m48l39"
        id="field-:r2:"
        name="search"
        placeholder="Search Tasks"
        type="text"
      />
      <div
        class="chakra-input__right-element css-2h3fcg"
      >
        <svg
          fill="none"
          height="31"
          viewBox="0 0 30 31"
          width="30"
        >
          <path
            clip-rule="evenodd"
            d="M12.2925 18.9625L16.1725 15.0825L12.2925 11.2025C12.1052 11.0157 12 10.762 12 10.4975C12 10.233 12.1052 9.97933 12.2925 9.7925C12.6825 9.4025 13.3125 9.4025 13.7025 9.7925L18.2925 14.3825C18.6825 14.7725 18.6825 15.4025 18.2925 15.7925L13.7025 20.3825C13.3125 20.7725 12.6825 20.7725 12.2925 20.3825C11.9125 19.9925 11.9025 19.3525 12.2925 18.9625Z"
            fill="#C3CAD9"
            fill-rule="evenodd"
          />
        </svg>
      </div>
    </div>
  </div>
</div>
`;
